// Jest Snapshot v1, https://goo.gl/fbAQLP

exports[`<CardItem /> should render card with all required props correctly 1`] = `
<div
  class="grid grid-cols-[40px,1fr] gap-4 md:gap-10"
  style="opacity: 0; transform: translateY(50px);"
>
  <div
    class="flex flex-col items-center gap-4"
  >
    <div
      class="rounded-full border border-gray-500 p-0.5"
    >
      <img
        alt="Example Logo"
        class="rounded-full"
        data-nimg="1"
        decoding="async"
        height="40"
        loading="lazy"
        src="/_next/image?url=%2Fpath%2Fto%2Flogo.png&w=96&q=75"
        srcset="/_next/image?url=%2Fpath%2Fto%2Flogo.png&w=48&q=75 1x, /_next/image?url=%2Fpath%2Fto%2Flogo.png&w=96&q=75 2x"
        style="color: transparent;"
        width="40"
      />
    </div>
    <div
      class="h-full w-[1px] bg-gray-800"
    />
  </div>
  <div>
    <div
      class="flex flex-col gap-2 text-sm sm:text-base"
    >
      <a
        aria-label="Example Link"
        class="text-sky-100 transition-colors hover:text-sky-500"
        href="https://example.com"
        rel="noreferrer"
        target="_blank"
      >
        Example Link
      </a>
      <h4
        class="text-gray-300"
      >
        Example Title
      </h4>
      <p
        class="text-gray-400"
      >
        Example Subtitle
      </p>
      <span
        class="text-gray-500"
      >
        Jan 2020 • Dec 2023 • (3 years)
      </span>
      <div
        class="text-gray-400"
      />
    </div>
    <div
      class="mt-4"
    >
      <div>
        Additional Content
      </div>
    </div>
  </div>
</div>
`;
