// Jest Snapshot v1, https://goo.gl/fbAQLP

exports[`ProjectCard Component renders the project title and description 1`] = `
<div>
  <div
    class="flex flex-col gap-6 lg:flex-row lg:gap-12"
    style="opacity: 0; transform: translateY(100px);"
  >
    <div
      class="h-[200px] w-full sm:h-[300px] lg:min-h-full lg:w-[420px]"
      style="opacity: 0; transform: translateY(100px) scale(0.5);"
    >
      <a
        class="flex items-center gap-2 text-sm text-gray-300 transition-colors hover:text-sky-500"
        href="/projects/my-awesome-project"
      >
        <img
          alt="Thumbnail do projeto My Awesome Project"
          class="h-full w-full rounded-lg object-cover"
          data-nimg="1"
          decoding="async"
          height="304"
          loading="lazy"
          src="/_next/image?url=https%3A%2F%2Fvia.placeholder.com%2F420x304&w=1080&q=75"
          srcset="/_next/image?url=https%3A%2F%2Fvia.placeholder.com%2F420x304&w=640&q=75 1x, /_next/image?url=https%3A%2F%2Fvia.placeholder.com%2F420x304&w=1080&q=75 2x"
          style="color: transparent;"
          width="420"
        />
      </a>
    </div>
    <div
      class="flex-1 lg:py-[18px]"
    >
      <a
        class="flex items-center gap-2 text-sm text-gray-300 transition-colors hover:text-sky-500"
        href="/projects/my-awesome-project"
      >
        <h3
          class="flex items-center gap-3 text-lg font-medium text-gray-50"
          style="opacity: 0; transform: translateY(50px);"
        >
          <img
            alt="thumbnail project book"
            data-nimg="1"
            decoding="async"
            height="20"
            loading="lazy"
            src="/images/icons/project-title-icon.svg"
            style="color: transparent;"
            width="20"
          />
          My Awesome Project
        </h3>
      </a>
      <a
        class="flex items-center gap-2 text-sm text-gray-300 transition-colors hover:text-sky-500"
        href="/projects/my-awesome-project"
      >
        <p
          class="my-6 text-gray-400"
          style="opacity: 0; transform: translateY(50px);"
        >
          A short description of the project.
        </p>
      </a>
      <div
        class="mb-8 flex flex-wrap gap-x-2 gap-y-3 lg:max-w-[350px]"
      >
        <span
          class="rounded-lg bg-sky-900/80 px-3 py-1 text-sm text-sky-400"
          style="opacity: 0; transform: scale(0);"
        >
          React
        </span>
        <span
          class="rounded-lg bg-sky-900/80 px-3 py-1 text-sm text-sky-400"
          style="opacity: 0; transform: scale(0);"
        >
          Next.js
        </span>
        <span
          class="rounded-lg bg-sky-900/80 px-3 py-1 text-sm text-sky-400"
          style="opacity: 0; transform: scale(0);"
        >
          TypeScript
        </span>
      </div>
      <a
        class="flex items-center gap-2 text-sm text-gray-300 transition-colors hover:text-sky-500"
        href="/projects/my-awesome-project"
      >
        See project
        <svg
          aria-hidden="true"
          fill="currentColor"
          height="1em"
          stroke="currentColor"
          stroke-width="0"
          viewBox="0 0 20 20"
          width="1em"
          xmlns="http://www.w3.org/2000/svg"
        >
          <path
            clip-rule="evenodd"
            d="M12.293 5.293a1 1 0 011.414 0l4 4a1 1 0 010 1.414l-4 4a1 1 0 01-1.414-1.414L14.586 11H3a1 1 0 110-2h11.586l-2.293-2.293a1 1 0 010-1.414z"
            fill-rule="evenodd"
          />
        </svg>
      </a>
    </div>
  </div>
</div>
`;
