// Jest Snapshot v1, https://goo.gl/fbAQLP

exports[`<ExperienceItem /> should render experience item with all required fields when valid experience data is provided 1`] = `
<div>
  <h1>
    TechCorp
  </h1>
  <h2>
    Software Engineer
  </h2>
  <p>
    Jan 2020 • Jan 2023 • (3 years)
  </p>
  <a
    href="#"
  />
</div>
`;
